2026-06-07 15:24:00,366 ERROR scheduler Skipped queueing erpnext.crm.doctype.contract.contract.update_status_for_contracts because it was found in queue for rmg_management
2026-06-07 15:24:00,367 ERROR scheduler Skipped queueing erpnext.assets.doctype.asset.depreciation.post_depreciation_entries because it was found in queue for rmg_management
2026-06-07 15:24:00,368 ERROR scheduler Skipped queueing erpnext.projects.doctype.task.task.set_tasks_as_overdue because it was found in queue for rmg_management
2026-06-07 15:24:00,370 ERROR scheduler Skipped queueing erpnext.buying.doctype.supplier_scorecard.supplier_scorecard.refresh_scorecards because it was found in queue for rmg_management
2026-06-07 15:24:00,371 ERROR scheduler Skipped queueing hrms.hr.doctype.shift_type.shift_type.update_last_sync_of_checkin because it was found in queue for rmg_management
2026-06-07 15:24:00,371 ERROR scheduler Skipped queueing erpnext.crm.doctype.opportunity.opportunity.auto_close_opportunity because it was found in queue for rmg_management
2026-06-07 15:24:00,372 ERROR scheduler Skipped queueing hrms.hr.utils.generate_leave_encashment because it was found in queue for rmg_management
2026-06-07 15:24:00,373 ERROR scheduler Skipped queueing frappe.twofactor.delete_all_barcodes_for_users because it was found in queue for rmg_management
2026-06-07 15:24:00,373 ERROR scheduler Skipped queueing frappe.desk.doctype.changelog_feed.changelog_feed.fetch_changelog_feed because it was found in queue for rmg_management
2026-06-07 15:24:00,374 ERROR scheduler Skipped queueing frappe.model.utils.user_settings.sync_user_settings because it was found in queue for rmg_management
2026-06-07 15:24:00,377 ERROR scheduler Skipped queueing hrms.hr.doctype.shift_schedule_assignment.shift_schedule_assignment.process_auto_shift_creation because it was found in queue for rmg_management
2026-06-07 15:24:00,377 ERROR scheduler Skipped queueing frappe.core.doctype.log_settings.log_settings.run_log_clean_up because it was found in queue for rmg_management
2026-06-07 15:24:00,378 ERROR scheduler Skipped queueing erpnext.selling.doctype.quotation.quotation.set_expired_status because it was found in queue for rmg_management
2026-06-07 15:24:00,379 ERROR scheduler Skipped queueing frappe.desk.utils.delete_old_exported_report_files because it was found in queue for rmg_management
2026-06-07 15:24:00,379 ERROR scheduler Skipped queueing hrms.hr.doctype.leave_ledger_entry.leave_ledger_entry.process_expired_allocation because it was found in queue for rmg_management
2026-06-07 15:24:00,380 ERROR scheduler Skipped queueing erpnext.accounts.doctype.process_statement_of_accounts.process_statement_of_accounts.send_auto_email because it was found in queue for rmg_management
2026-06-07 15:24:00,380 ERROR scheduler Skipped queueing erpnext.projects.doctype.project.project.project_status_update_reminder because it was found in queue for rmg_management
2026-06-07 15:24:00,381 ERROR scheduler Skipped queueing erpnext.manufacturing.doctype.bom_update_tool.bom_update_tool.auto_update_latest_price_in_all_boms because it was found in queue for rmg_management
2026-06-07 15:24:00,381 ERROR scheduler Skipped queueing erpnext.support.doctype.issue.issue.auto_close_tickets because it was found in queue for rmg_management
2026-06-07 15:24:00,382 ERROR scheduler Skipped queueing erpnext.setup.doctype.email_digest.email_digest.send because it was found in queue for rmg_management
2026-06-07 15:24:00,382 ERROR scheduler Skipped queueing erpnext.accounts.utils.auto_create_exchange_rate_revaluation_daily because it was found in queue for rmg_management
2026-06-07 15:24:00,383 ERROR scheduler Skipped queueing erpnext.buying.doctype.supplier_quotation.supplier_quotation.set_expired_status because it was found in queue for rmg_management
2026-06-07 15:24:00,383 ERROR scheduler Skipped queueing erpnext.crm.utils.open_leads_opportunities_based_on_todays_event because it was found in queue for rmg_management
2026-06-07 15:24:00,384 ERROR scheduler Skipped queueing erpnext.crm.doctype.email_campaign.email_campaign.set_email_campaign_status because it was found in queue for rmg_management
2026-06-07 15:24:00,384 ERROR scheduler Skipped queueing frappe.utils.change_log.check_for_update because it was found in queue for rmg_management
2026-06-07 15:24:00,385 ERROR scheduler Skipped queueing frappe.website.doctype.personal_data_deletion_request.personal_data_deletion_request.process_data_deletion_request because it was found in queue for rmg_management
2026-06-07 15:24:00,385 ERROR scheduler Skipped queueing hrms.hr.doctype.shift_type.shift_type.process_auto_attendance_for_all_shifts because it was found in queue for rmg_management
2026-06-07 15:24:00,386 ERROR scheduler Skipped queueing erpnext.assets.doctype.asset_maintenance_log.asset_maintenance_log.update_asset_maintenance_log_status because it was found in queue for rmg_management
2026-06-07 15:24:00,387 ERROR scheduler Skipped queueing frappe.website.doctype.web_page.web_page.check_publish_status because it was found in queue for rmg_management
2026-06-07 15:24:00,387 ERROR scheduler Skipped queueing erpnext.quality_management.doctype.quality_review.quality_review.review because it was found in queue for rmg_management
2026-06-07 15:24:00,388 ERROR scheduler Skipped queueing erpnext.stock.doctype.serial_no.serial_no.update_maintenance_status because it was found in queue for rmg_management
2026-06-07 15:24:00,388 ERROR scheduler Skipped queueing hrms.hr.utils.allocate_earned_leaves because it was found in queue for rmg_management
2026-06-07 15:24:00,389 ERROR scheduler Skipped queueing erpnext.controllers.accounts_controller.update_invoice_status because it was found in queue for rmg_management
2026-06-07 15:24:00,389 ERROR scheduler Skipped queueing erpnext.accounts.utils.run_ledger_health_checks because it was found in queue for rmg_management
2026-06-07 15:24:00,390 ERROR scheduler Skipped queueing erpnext.accounts.doctype.process_subscription.process_subscription.create_subscription_process because it was found in queue for rmg_management
2026-06-07 15:24:00,391 ERROR scheduler Skipped queueing erpnext.projects.doctype.project.project.send_project_status_email_to_users because it was found in queue for rmg_management
2026-06-07 15:24:00,391 ERROR scheduler Skipped queueing frappe.email.doctype.auto_email_report.auto_email_report.send_daily because it was found in queue for rmg_management
2026-06-07 15:24:00,393 ERROR scheduler Skipped queueing erpnext.assets.doctype.asset.asset.update_maintenance_status because it was found in queue for rmg_management
2026-06-07 15:24:00,393 ERROR scheduler Skipped queueing frappe.sessions.clear_expired_sessions because it was found in queue for rmg_management
2026-06-07 15:24:00,394 ERROR scheduler Skipped queueing frappe.desk.form.document_follow.send_weekly_updates because it was found in queue for rmg_management
2026-06-07 15:24:00,394 ERROR scheduler Skipped queueing erpnext.accounts.doctype.bank_transaction_rule.bank_transaction_rule.scheduler_run_rule_evaluation because it was found in queue for rmg_management
2026-06-07 15:24:00,395 ERROR scheduler Skipped queueing frappe.core.doctype.user_invitation.user_invitation.mark_expired_invitations because it was found in queue for rmg_management
2026-06-07 15:24:00,395 ERROR scheduler Skipped queueing erpnext.crm.doctype.email_campaign.email_campaign.send_email_to_leads_or_contacts because it was found in queue for rmg_management
2026-06-07 15:24:00,396 ERROR scheduler Skipped queueing frappe.desk.page.backups.backups.delete_downloadable_backups because it was found in queue for rmg_management
2026-06-07 15:24:00,397 ERROR scheduler Skipped queueing frappe.website.doctype.personal_data_deletion_request.personal_data_deletion_request.remove_unverified_record because it was found in queue for rmg_management
2026-06-07 15:24:00,399 ERROR scheduler Skipped queueing frappe.core.doctype.prepared_report.prepared_report.expire_stalled_report because it was found in queue for rmg_management
2026-06-07 15:24:00,399 ERROR scheduler Skipped queueing erpnext.erpnext_integrations.doctype.plaid_settings.plaid_settings.automatic_synchronization because it was found in queue for rmg_management
2026-06-07 15:24:00,400 ERROR scheduler Skipped queueing erpnext.assets.doctype.asset.asset.make_post_gl_entry because it was found in queue for rmg_management
2026-06-07 15:24:00,401 ERROR scheduler Skipped queueing frappe.desk.notifications.clear_notifications because it was found in queue for rmg_management
2026-06-07 15:24:00,401 ERROR scheduler Skipped queueing frappe.automation.doctype.auto_repeat.auto_repeat.make_auto_repeat_entry because it was found in queue for rmg_management
2026-06-07 15:24:00,402 ERROR scheduler Skipped queueing erpnext.stock.reorder_item.reorder_item because it was found in queue for rmg_management
2026-06-07 15:24:00,402 ERROR scheduler Skipped queueing frappe.desk.form.document_follow.send_hourly_updates because it was found in queue for rmg_management
2026-06-07 15:24:00,403 ERROR scheduler Skipped queueing erpnext.utilities.bulk_transaction.retry because it was found in queue for rmg_management
2026-06-08 10:52:00,937 ERROR scheduler Skipped queueing hrms.hr.doctype.shift_schedule_assignment.shift_schedule_assignment.process_auto_shift_creation because it was found in queue for rmg_management
2026-06-08 10:52:00,938 ERROR scheduler Skipped queueing erpnext.utilities.doctype.video.video.update_youtube_data because it was found in queue for rmg_management
2026-06-08 10:52:00,939 ERROR scheduler Skipped queueing erpnext.accounts.doctype.process_subscription.process_subscription.create_subscription_process because it was found in queue for rmg_management
2026-06-08 10:52:00,940 ERROR scheduler Skipped queueing erpnext.projects.doctype.project.project.send_project_status_email_to_users because it was found in queue for rmg_management
2026-06-08 10:52:00,940 ERROR scheduler Skipped queueing frappe.desk.notifications.clear_notifications because it was found in queue for rmg_management
2026-06-08 10:52:00,941 ERROR scheduler Skipped queueing hrms.hr.doctype.shift_type.shift_type.process_auto_attendance_for_all_shifts because it was found in queue for rmg_management
2026-06-08 10:52:00,942 ERROR scheduler Skipped queueing erpnext.accounts.doctype.bank_transaction_rule.bank_transaction_rule.scheduler_run_rule_evaluation because it was found in queue for rmg_management
2026-06-08 10:52:00,943 ERROR scheduler Skipped queueing erpnext.crm.doctype.email_campaign.email_campaign.send_email_to_leads_or_contacts because it was found in queue for rmg_management
2026-06-08 10:52:00,944 ERROR scheduler Skipped queueing erpnext.controllers.accounts_controller.update_invoice_status because it was found in queue for rmg_management
2026-06-08 10:52:00,944 ERROR scheduler Skipped queueing frappe.core.doctype.log_settings.log_settings.run_log_clean_up because it was found in queue for rmg_management
2026-06-08 10:52:00,945 ERROR scheduler Skipped queueing erpnext.crm.doctype.opportunity.opportunity.auto_close_opportunity because it was found in queue for rmg_management
2026-06-08 10:52:00,946 ERROR scheduler Skipped queueing frappe.model.utils.user_settings.sync_user_settings because it was found in queue for rmg_management
2026-06-08 10:52:00,947 ERROR scheduler Skipped queueing erpnext.buying.doctype.supplier_scorecard.supplier_scorecard.refresh_scorecards because it was found in queue for rmg_management
2026-06-08 10:52:00,947 ERROR scheduler Skipped queueing frappe.automation.doctype.auto_repeat.auto_repeat.make_auto_repeat_entry because it was found in queue for rmg_management
2026-06-08 10:52:00,948 ERROR scheduler Skipped queueing erpnext.stock.doctype.repost_item_valuation.repost_item_valuation.repost_entries because it was found in queue for rmg_management
2026-06-08 10:52:00,948 ERROR scheduler Skipped queueing frappe.email.doctype.auto_email_report.auto_email_report.send_daily because it was found in queue for rmg_management
2026-06-08 10:52:00,949 ERROR scheduler Skipped queueing hrms.hr.doctype.leave_ledger_entry.leave_ledger_entry.process_expired_allocation because it was found in queue for rmg_management
2026-06-08 10:52:00,951 ERROR scheduler Skipped queueing frappe.desk.form.document_follow.send_hourly_updates because it was found in queue for rmg_management
2026-06-08 10:52:00,952 ERROR scheduler Skipped queueing erpnext.quality_management.doctype.quality_review.quality_review.review because it was found in queue for rmg_management
2026-06-08 10:52:00,953 ERROR scheduler Skipped queueing erpnext.assets.doctype.asset.asset.make_post_gl_entry because it was found in queue for rmg_management
2026-06-08 10:52:00,954 ERROR scheduler Skipped queueing erpnext.stock.doctype.serial_no.serial_no.update_maintenance_status because it was found in queue for rmg_management
2026-06-08 10:52:00,955 ERROR scheduler Skipped queueing erpnext.setup.doctype.company.company.cache_companies_monthly_sales_history because it was found in queue for rmg_management
2026-06-08 10:52:00,955 ERROR scheduler Skipped queueing erpnext.accounts.doctype.process_statement_of_accounts.process_statement_of_accounts.send_auto_email because it was found in queue for rmg_management
2026-06-08 10:52:00,956 ERROR scheduler Skipped queueing frappe.desk.page.backups.backups.delete_downloadable_backups because it was found in queue for rmg_management
2026-06-08 10:52:00,956 ERROR scheduler Skipped queueing erpnext.stock.reorder_item.reorder_item because it was found in queue for rmg_management
2026-06-08 10:52:00,957 ERROR scheduler Skipped queueing frappe.core.doctype.user_invitation.user_invitation.mark_expired_invitations because it was found in queue for rmg_management
2026-06-08 10:52:00,957 ERROR scheduler Skipped queueing erpnext.crm.doctype.contract.contract.update_status_for_contracts because it was found in queue for rmg_management
2026-06-08 10:52:00,958 ERROR scheduler Skipped queueing erpnext.erpnext_integrations.doctype.plaid_settings.plaid_settings.automatic_synchronization because it was found in queue for rmg_management
2026-06-08 10:52:00,959 ERROR scheduler Skipped queueing erpnext.projects.doctype.project.project.update_project_sales_billing because it was found in queue for rmg_management
2026-06-08 10:52:00,959 ERROR scheduler Skipped queueing erpnext.accounts.doctype.fiscal_year.fiscal_year.auto_create_fiscal_year because it was found in queue for rmg_management
2026-06-08 10:52:00,960 ERROR scheduler Skipped queueing erpnext.accounts.utils.run_ledger_health_checks because it was found in queue for rmg_management
2026-06-08 10:52:00,962 ERROR scheduler Skipped queueing hrms.hr.doctype.shift_type.shift_type.update_last_sync_of_checkin because it was found in queue for rmg_management
2026-06-08 10:52:00,963 ERROR scheduler Skipped queueing erpnext.support.doctype.issue.issue.auto_close_tickets because it was found in queue for rmg_management
2026-06-08 10:52:00,963 ERROR scheduler Skipped queueing erpnext.selling.doctype.quotation.quotation.set_expired_status because it was found in queue for rmg_management
2026-06-08 10:52:00,965 ERROR scheduler Skipped queueing frappe.core.doctype.prepared_report.prepared_report.expire_stalled_report because it was found in queue for rmg_management
2026-06-08 10:52:00,968 ERROR scheduler Skipped queueing hrms.hr.utils.generate_leave_encashment because it was found in queue for rmg_management
2026-06-08 10:52:00,969 ERROR scheduler Skipped queueing erpnext.assets.doctype.asset_maintenance_log.asset_maintenance_log.update_asset_maintenance_log_status because it was found in queue for rmg_management
2026-06-08 10:52:00,972 ERROR scheduler Skipped queueing erpnext.projects.doctype.project.project.project_status_update_reminder because it was found in queue for rmg_management
2026-06-08 10:52:00,973 ERROR scheduler Skipped queueing erpnext.projects.doctype.task.task.set_tasks_as_overdue because it was found in queue for rmg_management
2026-06-08 10:52:00,974 ERROR scheduler Skipped queueing frappe.twofactor.delete_all_barcodes_for_users because it was found in queue for rmg_management
2026-06-08 10:52:00,975 ERROR scheduler Skipped queueing erpnext.crm.utils.open_leads_opportunities_based_on_todays_event because it was found in queue for rmg_management
2026-06-08 10:52:00,975 ERROR scheduler Skipped queueing erpnext.support.doctype.service_level_agreement.service_level_agreement.check_agreement_status because it was found in queue for rmg_management
2026-06-08 10:52:00,977 ERROR scheduler Skipped queueing erpnext.accounts.utils.auto_create_exchange_rate_revaluation_daily because it was found in queue for rmg_management
2026-06-09 00:48:00,802 ERROR scheduler Skipped queueing erpnext.quality_management.doctype.quality_review.quality_review.review because it was found in queue for rmg_management
2026-06-09 00:48:00,802 ERROR scheduler Skipped queueing erpnext.crm.doctype.email_campaign.email_campaign.send_email_to_leads_or_contacts because it was found in queue for rmg_management
2026-06-09 00:48:00,803 ERROR scheduler Skipped queueing erpnext.buying.doctype.supplier_scorecard.supplier_scorecard.refresh_scorecards because it was found in queue for rmg_management
2026-06-09 00:48:00,806 ERROR scheduler Skipped queueing frappe.website.doctype.web_page.web_page.check_publish_status because it was found in queue for rmg_management
2026-06-09 00:48:00,807 ERROR scheduler Skipped queueing erpnext.crm.utils.open_leads_opportunities_based_on_todays_event because it was found in queue for rmg_management
2026-06-09 00:48:00,809 ERROR scheduler Skipped queueing erpnext.accounts.utils.run_ledger_health_checks because it was found in queue for rmg_management
2026-06-09 00:48:00,809 ERROR scheduler Skipped queueing frappe.desk.page.backups.backups.delete_downloadable_backups because it was found in queue for rmg_management
2026-06-09 00:48:00,810 ERROR scheduler Skipped queueing erpnext.setup.doctype.email_digest.email_digest.send because it was found in queue for rmg_management
2026-06-09 00:48:00,811 ERROR scheduler Skipped queueing erpnext.support.doctype.issue.issue.auto_close_tickets because it was found in queue for rmg_management
2026-06-09 00:48:00,812 ERROR scheduler Skipped queueing erpnext.selling.doctype.quotation.quotation.set_expired_status because it was found in queue for rmg_management
2026-06-09 00:48:00,812 ERROR scheduler Skipped queueing hrms.hr.doctype.shift_schedule_assignment.shift_schedule_assignment.process_auto_shift_creation because it was found in queue for rmg_management
2026-06-09 00:48:00,813 ERROR scheduler Skipped queueing erpnext.accounts.utils.auto_create_exchange_rate_revaluation_daily because it was found in queue for rmg_management
2026-06-09 00:48:00,813 ERROR scheduler Skipped queueing erpnext.utilities.bulk_transaction.retry because it was found in queue for rmg_management
2026-06-09 00:48:00,814 ERROR scheduler Skipped queueing frappe.desk.notifications.clear_notifications because it was found in queue for rmg_management
2026-06-09 00:48:00,814 ERROR scheduler Skipped queueing erpnext.accounts.doctype.process_statement_of_accounts.process_statement_of_accounts.send_auto_email because it was found in queue for rmg_management
2026-06-09 00:48:00,815 ERROR scheduler Skipped queueing erpnext.projects.doctype.task.task.set_tasks_as_overdue because it was found in queue for rmg_management
2026-06-09 00:48:00,816 ERROR scheduler Skipped queueing frappe.twofactor.delete_all_barcodes_for_users because it was found in queue for rmg_management
2026-06-09 00:48:00,817 ERROR scheduler Skipped queueing erpnext.accounts.doctype.fiscal_year.fiscal_year.auto_create_fiscal_year because it was found in queue for rmg_management
2026-06-09 00:48:00,817 ERROR scheduler Skipped queueing erpnext.stock.doctype.repost_item_valuation.repost_item_valuation.repost_entries because it was found in queue for rmg_management
2026-06-09 00:48:00,820 ERROR scheduler Skipped queueing erpnext.support.doctype.service_level_agreement.service_level_agreement.check_agreement_status because it was found in queue for rmg_management
2026-06-09 00:48:00,821 ERROR scheduler Skipped queueing hrms.hr.doctype.shift_type.shift_type.process_auto_attendance_for_all_shifts because it was found in queue for rmg_management
2026-06-09 00:48:00,821 ERROR scheduler Skipped queueing hrms.hr.utils.allocate_earned_leaves because it was found in queue for rmg_management
2026-06-09 00:48:00,822 ERROR scheduler Skipped queueing frappe.core.doctype.log_settings.log_settings.run_log_clean_up because it was found in queue for rmg_management
2026-06-09 00:48:00,823 ERROR scheduler Skipped queueing frappe.desk.utils.delete_old_exported_report_files because it was found in queue for rmg_management
2026-06-09 00:48:00,824 ERROR scheduler Skipped queueing frappe.core.doctype.prepared_report.prepared_report.expire_stalled_report because it was found in queue for rmg_management
2026-06-09 00:48:00,825 ERROR scheduler Skipped queueing erpnext.crm.doctype.email_campaign.email_campaign.set_email_campaign_status because it was found in queue for rmg_management
2026-06-09 00:48:00,825 ERROR scheduler Skipped queueing erpnext.stock.reorder_item.reorder_item because it was found in queue for rmg_management
2026-06-09 00:48:00,826 ERROR scheduler Skipped queueing erpnext.assets.doctype.asset.asset.update_maintenance_status because it was found in queue for rmg_management
2026-06-09 00:48:00,827 ERROR scheduler Skipped queueing erpnext.projects.doctype.project.project.update_project_sales_billing because it was found in queue for rmg_management
2026-06-09 00:48:00,828 ERROR scheduler Skipped queueing erpnext.accounts.doctype.process_subscription.process_subscription.create_subscription_process because it was found in queue for rmg_management
2026-06-09 00:48:00,829 ERROR scheduler Skipped queueing frappe.automation.doctype.auto_repeat.auto_repeat.make_auto_repeat_entry because it was found in queue for rmg_management
2026-06-09 00:48:00,831 ERROR scheduler Skipped queueing frappe.website.doctype.personal_data_deletion_request.personal_data_deletion_request.remove_unverified_record because it was found in queue for rmg_management
2026-06-09 00:48:00,831 ERROR scheduler Skipped queueing erpnext.controllers.accounts_controller.update_invoice_status because it was found in queue for rmg_management
2026-06-09 00:48:00,832 ERROR scheduler Skipped queueing erpnext.utilities.doctype.video.video.update_youtube_data because it was found in queue for rmg_management
2026-06-09 00:48:00,833 ERROR scheduler Skipped queueing erpnext.crm.doctype.opportunity.opportunity.auto_close_opportunity because it was found in queue for rmg_management
2026-06-09 00:48:00,834 ERROR scheduler Skipped queueing frappe.sessions.clear_expired_sessions because it was found in queue for rmg_management
2026-06-09 00:48:00,835 ERROR scheduler Skipped queueing erpnext.stock.doctype.serial_no.serial_no.update_maintenance_status because it was found in queue for rmg_management
2026-06-09 00:48:00,836 ERROR scheduler Skipped queueing erpnext.crm.doctype.contract.contract.update_status_for_contracts because it was found in queue for rmg_management
2026-06-09 00:48:00,837 ERROR scheduler Skipped queueing hrms.hr.doctype.shift_type.shift_type.update_last_sync_of_checkin because it was found in queue for rmg_management
2026-06-09 00:48:00,837 ERROR scheduler Skipped queueing erpnext.projects.doctype.project.project.project_status_update_reminder because it was found in queue for rmg_management
2026-06-09 00:48:00,838 ERROR scheduler Skipped queueing erpnext.projects.doctype.project.project.collect_project_status because it was found in queue for rmg_management
2026-06-09 00:48:00,841 ERROR scheduler Skipped queueing frappe.website.doctype.personal_data_deletion_request.personal_data_deletion_request.process_data_deletion_request because it was found in queue for rmg_management
2026-06-09 00:48:00,841 ERROR scheduler Skipped queueing erpnext.assets.doctype.asset.asset.make_post_gl_entry because it was found in queue for rmg_management
2026-06-09 00:48:00,842 ERROR scheduler Skipped queueing erpnext.buying.doctype.supplier_quotation.supplier_quotation.set_expired_status because it was found in queue for rmg_management
2026-06-09 00:48:00,843 ERROR scheduler Skipped queueing erpnext.setup.doctype.company.company.cache_companies_monthly_sales_history because it was found in queue for rmg_management
2026-06-09 00:48:00,843 ERROR scheduler Skipped queueing erpnext.projects.doctype.project.project.send_project_status_email_to_users because it was found in queue for rmg_management
2026-06-09 00:48:00,844 ERROR scheduler Skipped queueing hrms.hr.utils.generate_leave_encashment because it was found in queue for rmg_management
2026-06-09 00:48:00,845 ERROR scheduler Skipped queueing erpnext.assets.doctype.asset_maintenance_log.asset_maintenance_log.update_asset_maintenance_log_status because it was found in queue for rmg_management
2026-06-09 00:48:00,846 ERROR scheduler Skipped queueing frappe.oauth.delete_oauth2_data because it was found in queue for rmg_management
2026-08-31 01:32:00,994 ERROR scheduler Skipped queueing frappe.deferred_insert.save_to_db because it was found in queue for rmg_management
2026-08-31 01:32:00,996 ERROR scheduler Skipped queueing frappe.desk.page.backups.backups.delete_downloadable_backups because it was found in queue for rmg_management
2026-08-31 01:32:00,997 ERROR scheduler Skipped queueing frappe.email.queue.flush because it was found in queue for rmg_management
2026-08-31 01:32:00,997 ERROR scheduler Skipped queueing frappe.utils.telemetry.pulse.client.send_queued_events because it was found in queue for rmg_management
2026-08-31 01:32:00,998 ERROR scheduler Skipped queueing frappe.automation.doctype.reminder.reminder.send_reminders because it was found in queue for rmg_management
2026-08-31 01:32:00,999 ERROR scheduler Skipped queueing erpnext.accounts.doctype.bank_transaction_rule.bank_transaction_rule.scheduler_run_rule_evaluation because it was found in queue for rmg_management
2026-08-31 01:32:01,000 ERROR scheduler Skipped queueing erpnext.projects.doctype.project.project.hourly_reminder because it was found in queue for rmg_management
2026-08-31 01:32:01,001 ERROR scheduler Skipped queueing erpnext.stock.doctype.repost_item_valuation.repost_item_valuation.repost_entries because it was found in queue for rmg_management
2026-08-31 01:32:01,002 ERROR scheduler Skipped queueing erpnext.projects.doctype.project.project.project_status_update_reminder because it was found in queue for rmg_management
2026-08-31 01:32:01,003 ERROR scheduler Skipped queueing hrms.hr.doctype.daily_work_summary_group.daily_work_summary_group.trigger_emails because it was found in queue for rmg_management
2026-08-31 01:32:01,005 ERROR scheduler Skipped queueing frappe.desk.form.document_follow.send_hourly_updates because it was found in queue for rmg_management
2026-08-31 01:32:01,006 ERROR scheduler Skipped queueing erpnext.stock.doctype.repost_item_valuation.repost_item_valuation.run_parallel_reposting because it was found in queue for rmg_management
2026-08-31 01:32:01,007 ERROR scheduler Skipped queueing frappe.model.utils.user_settings.sync_user_settings because it was found in queue for rmg_management
2026-08-31 01:32:01,008 ERROR scheduler Skipped queueing frappe.model.utils.link_count.update_link_count because it was found in queue for rmg_management
2026-08-31 01:32:01,008 ERROR scheduler Skipped queueing hrms.hr.doctype.shift_schedule_assignment.shift_schedule_assignment.process_auto_shift_creation because it was found in queue for rmg_management
2026-08-31 01:32:01,009 ERROR scheduler Skipped queueing frappe.twofactor.delete_all_barcodes_for_users because it was found in queue for rmg_management
2026-08-31 01:32:01,011 ERROR scheduler Skipped queueing frappe.website.doctype.web_page.web_page.check_publish_status because it was found in queue for rmg_management
2026-08-31 01:32:01,012 ERROR scheduler Skipped queueing frappe.email.doctype.email_account.email_account.pull because it was found in queue for rmg_management
2026-08-31 01:32:01,012 ERROR scheduler Skipped queueing frappe.email.doctype.email_account.email_account.notify_unreplied because it was found in queue for rmg_management
2026-08-31 01:32:01,013 ERROR scheduler Skipped queueing frappe.oauth.delete_oauth2_data because it was found in queue for rmg_management
2026-08-31 01:32:01,014 ERROR scheduler Skipped queueing erpnext.erpnext_integrations.doctype.plaid_settings.plaid_settings.automatic_synchronization because it was found in queue for rmg_management
2026-08-31 01:32:01,015 ERROR scheduler Skipped queueing hrms.hr.doctype.shift_type.shift_type.update_last_sync_of_checkin because it was found in queue for rmg_management
2026-08-31 01:32:01,016 ERROR scheduler Skipped queueing frappe.monitor.flush because it was found in queue for rmg_management
2026-08-31 01:32:01,017 ERROR scheduler Skipped queueing frappe.email.queue.retry_sending_emails because it was found in queue for rmg_management
2026-08-31 01:32:01,018 ERROR scheduler Skipped queueing erpnext.projects.doctype.project.project.collect_project_status because it was found in queue for rmg_management
2026-08-31 01:32:01,019 ERROR scheduler Skipped queueing frappe.search.sqlite_search.index_docs_in_queue because it was found in queue for rmg_management
2026-08-31 01:32:01,020 ERROR scheduler Skipped queueing erpnext.utilities.doctype.video.video.update_youtube_data because it was found in queue for rmg_management
2026-08-31 01:32:01,021 ERROR scheduler Skipped queueing frappe.utils.global_search.sync_global_search because it was found in queue for rmg_management
2026-08-31 01:32:01,022 ERROR scheduler Skipped queueing frappe.desk.utils.delete_old_exported_report_files because it was found in queue for rmg_management
2026-08-31 01:32:01,023 ERROR scheduler Skipped queueing erpnext.utilities.bulk_transaction.retry because it was found in queue for rmg_management
2026-08-31 01:32:01,024 ERROR scheduler Skipped queueing hrms.hr.doctype.shift_type.shift_type.process_auto_attendance_for_all_shifts because it was found in queue for rmg_management
2026-08-31 01:32:01,025 ERROR scheduler Skipped queueing frappe.email.doctype.notification.notification.trigger_offset_alerts because it was found in queue for rmg_management
2026-08-31 01:32:01,026 ERROR scheduler Skipped queueing frappe.core.doctype.prepared_report.prepared_report.expire_stalled_report because it was found in queue for rmg_management
